
> clinicalpsm@0.1.0 build
> next build

▲ Next.js 16.2.1 (Turbopack)
- Environments: .env.local, .env

  Creating an optimized production build ...
Error: "./dist/tailwind.css" is not exported under the condition "style" from package /Users/eren/repos/ClinicalPSM/clinicalpsm/node_modules/shadcn (see exports field in /Users/eren/repos/ClinicalPSM/clinicalpsm/node_modules/shadcn/package.json)
    [2m[at /Users/eren/repos/ClinicalPSM/clinicalpsm/node_modules/enhanced-resolve/lib/ExportsFieldPlugin.js:123:7][0m
    [2m[at Hook.eval [as callAsync] (eval at create (/Users/eren/repos/ClinicalPSM/clinicalpsm/node_modules/tapable/lib/HookCodeFactory.js:31:10), <anonymous>:22:1)][0m
    [2m[at Resolver.doResolve (/Users/eren/repos/ClinicalPSM/clinicalpsm/node_modules/enhanced-resolve/lib/Resolver.js:737:16)][0m
    [2m[at /Users/eren/repos/ClinicalPSM/clinicalpsm/node_modules/enhanced-resolve/lib/DescriptionFilePlugin.js:80:17][0m
    [2m[at /Users/eren/repos/ClinicalPSM/clinicalpsm/node_modules/enhanced-resolve/lib/DescriptionFileUtils.js:161:24][0m
    [2m[at /Users/eren/repos/ClinicalPSM/clinicalpsm/node_modules/enhanced-resolve/lib/forEachBail.js:39:13][0m
    [2m[at onJson (/Users/eren/repos/ClinicalPSM/clinicalpsm/node_modules/enhanced-resolve/lib/DescriptionFileUtils.js:96:6)][0m
    [2m[at /Users/eren/repos/ClinicalPSM/clinicalpsm/node_modules/enhanced-resolve/lib/DescriptionFileUtils.js:123:7][0m
    [2m[at SyncAsyncFileSystemDecorator.readJson (/Users/eren/repos/ClinicalPSM/clinicalpsm/node_modules/enhanced-resolve/lib/SyncAsyncFileSystemDecorator.js:204:6)][0m
    [2m[at /Users/eren/repos/ClinicalPSM/clinicalpsm/node_modules/enhanced-resolve/lib/DescriptionFileUtils.js:104:26][0m

> Build error occurred
Error: Turbopack build failed with 1 errors:
./src/app/globals.css
Error evaluating Node.js code
CssSyntaxError: tailwindcss: /Users/eren/repos/ClinicalPSM/clinicalpsm/src/app/globals.css:1:1: "./dist/tailwind.css" is not exported under the condition "style" from package /Users/eren/repos/ClinicalPSM/clinicalpsm/node_modules/shadcn (see exports field in /Users/eren/repos/ClinicalPSM/clinicalpsm/node_modules/shadcn/package.json)
    at Input.error (node_modules/postcss/lib/input.js:135:16) [/Users/eren/repos/ClinicalPSM/clinicalpsm/.next/build/chunks/node_modules_13sb.px._.js:4651:22]
    at error (node_modules/postcss/lib/node.js:146:32) [/Users/eren/repos/ClinicalPSM/clinicalpsm/.next/build/chunks/node_modules_13sb.px._.js:928:38]
    [at Object.Once (/Users/eren/repos/ClinicalPSM/clinicalpsm/node_modules/@tailwindcss/postcss/dist/index.js:10:6913)]
    [at process.processTicksAndRejections (node:internal/process/task_queues:104:5)]
    at async LazyResult.runAsync (node_modules/postcss/lib/lazy-result.js:293:11) [/Users/eren/repos/ClinicalPSM/clinicalpsm/.next/build/chunks/node_modules_13sb.px._.js:6214:21]
    at async transform (turbopack:///[turbopack-node]/transforms/postcss.ts:70:34) [/Users/eren/repos/ClinicalPSM/clinicalpsm/.next/build/chunks/[root-of-the-server]__0d-m0h0._.js:146:36]
    at async run (turbopack:///[turbopack-node]/child_process/evaluate.ts:89:23) [/Users/eren/repos/ClinicalPSM/clinicalpsm/.next/build/chunks/[root-of-the-server]__0ubbtyl._.js:443:31]

Import trace:
  Client Component Browser:
    ./src/app/globals.css [Client Component Browser]
    ./src/app/layout.tsx [Server Component]


    at async transform (turbopack:///[turbopack-node]/transforms/postcss.ts:70:34) [/Users/eren/repos/ClinicalPSM/clinicalpsm/.next/build/chunks/[root-of-the-server]__0d-m0h0._.js:146:36])
    at async run (turbopack:///[turbopack-node]/child_process/evaluate.ts:89:23) [/Users/eren/repos/ClinicalPSM/clinicalpsm/.next/build/chunks/[root-of-the-server]__0ubbtyl._.js:443:31])
